// Vitest Snapshot v1

exports[`loadUserData > load user data as expected 1`] = `
{
  "coolness": 100,
  "favoriteFood": "litti-chokha",
  "name": "shubham",
  "projects": [
    "buyzon",
    "hindu-way",
  ],
  "username": "imskanand",
}
`;
